// Jest Snapshot v1, https://goo.gl/fbAQLP

exports[`<Intersection.Target /> should have rendered with the initial TargetRenderData 1`] = `
Object {
  "entry": Object {
    "boundingClientRect": Object {
      "bottom": 0,
      "height": 0,
      "left": 0,
      "right": 0,
      "top": 0,
      "width": 0,
      "x": 0,
      "y": 0,
    },
    "intersectionRatio": 0,
    "isIntersecting": false,
    "rootBounds": Object {
      "bottom": 0,
      "height": 0,
      "left": 0,
      "right": 0,
      "top": 0,
      "width": 0,
      "x": 0,
      "y": 0,
    },
    "time": 0,
  },
  "targetRef": Object {
    "current": null,
  },
}
`;
