// Jest Snapshot v1, https://goo.gl/fbAQLP

exports[`Theme Object should match one to one with the exported theme 1`] = `
Object {
  "borderWidths": Array [
    1,
    2,
    3,
    4,
  ],
  "colors": Object {
    "beiges": Array [
      "rgb(250, 245, 244)",
    ],
    "blacks": Array [
      "rgb(34, 34, 34)",
      "rgb(51, 51, 51)",
    ],
    "corals": Array [
      "rgb(255, 113, 99)",
      "rgb(229, 85, 78)",
    ],
    "grays": Array [
      "rgb(222, 223, 224)",
      "rgb(159, 188, 208)",
      "rgb(142, 149, 154)",
      "rgb(89, 103, 113)",
      "rgb(77, 77, 79)",
      "rgb(56, 72, 82)",
    ],
    "sand": "rgb(204, 153, 102)",
    "whites": Array [
      "rgb(255, 255, 255)",
      "rgb(240, 246, 246)",
      "rgb(240, 240, 240)",
      "rgb(249, 246, 241)",
      "rgb(247, 247, 247)",
    ],
    "yellows": Array [
      "rgb(223, 199, 129)",
      "rgb(255, 202, 84)",
    ],
  },
  "fontSizes": Array [
    12,
    14,
    16,
    18,
    20,
    24,
    32,
    44,
  ],
  "fontWeights": Array [
    100,
    200,
    300,
    400,
    500,
    600,
    700,
    800,
    900,
  ],
  "fonts": Object {
    "body": "\\"MuseoSans\\", Helvetica, sans-serif",
    "heading": Object {
      "display": "\\"Museo\\", serif",
      "secondary": "\\"Museo500\\", serif",
    },
  },
  "letterSpacings": Array [
    0.5,
    1,
    1.5,
  ],
  "spaces": Array [
    0,
    3,
    6,
    12,
    18,
    24,
    30,
    36,
    48,
    72,
  ],
  "transition": Object {
    "duration": Array [
      0.33,
      0.5,
      0.66,
      0.99,
    ],
    "timing": Array [
      "cubic-bezier(0.455, 0.030, 0.515, 0.955)",
      "cubic-bezier(0.075, 0.820, 0.165, 1.000)",
      "cubic-bezier(1.000, 0.000, 0.000, 1.000)",
    ],
  },
}
`;
