// Jest Snapshot v1, https://goo.gl/fbAQLP

exports[`normalizer() Flattened Token Array should return a flattened token array from a returned by Prism.tokenize() (___mocks___) 1`] = `
Array [
  Object {
    "content": "<",
    "greedy": false,
    "length": 1,
    "type": "punctuation",
  },
  Object {
    "alias": "",
    "content": "pre",
    "greedy": false,
    "length": 0,
    "type": "tag",
  },
  Object {
    "alias": "",
    "content": " ",
    "greedy": false,
    "length": 0,
    "type": "tag",
  },
  Object {
    "alias": "",
    "content": "sx",
    "greedy": false,
    "length": 0,
    "type": "attr-name",
  },
  Object {
    "alias": "punctuation",
    "content": "=",
    "greedy": false,
    "length": 1,
    "type": "script-punctuation",
  },
  Object {
    "content": "{",
    "greedy": false,
    "length": 1,
    "type": "punctuation",
  },
  Object {
    "content": "createStylesPre",
    "greedy": false,
    "length": 15,
    "type": "function",
  },
  Object {
    "content": "(",
    "greedy": false,
    "length": 1,
    "type": "punctuation",
  },
  Object {
    "alias": "",
    "content": "props",
    "greedy": false,
    "length": 0,
    "type": "script",
  },
  Object {
    "content": ".",
    "greedy": false,
    "length": 1,
    "type": "punctuation",
  },
  Object {
    "alias": "",
    "content": "size",
    "greedy": false,
    "length": 0,
    "type": "script",
  },
  Object {
    "content": ",",
    "greedy": false,
    "length": 1,
    "type": "punctuation",
  },
  Object {
    "alias": "",
    "content": " qt",
    "greedy": false,
    "length": 0,
    "type": "script",
  },
  Object {
    "content": ",",
    "greedy": false,
    "length": 1,
    "type": "punctuation",
  },
  Object {
    "alias": "",
    "content": " props",
    "greedy": false,
    "length": 0,
    "type": "script",
  },
  Object {
    "content": ".",
    "greedy": false,
    "length": 1,
    "type": "punctuation",
  },
  Object {
    "alias": "",
    "content": "theme",
    "greedy": false,
    "length": 0,
    "type": "script",
  },
  Object {
    "content": ")",
    "greedy": false,
    "length": 1,
    "type": "punctuation",
  },
  Object {
    "content": "}",
    "greedy": false,
    "length": 1,
    "type": "punctuation",
  },
  Object {
    "content": ">",
    "greedy": false,
    "length": 1,
    "type": "punctuation",
  },
  Object {
    "alias": "",
    "content": "
    ",
    "greedy": false,
    "length": 0,
    "type": "tag",
  },
  Object {
    "content": "<",
    "greedy": false,
    "length": 1,
    "type": "punctuation",
  },
  Object {
    "alias": "",
    "content": "code",
    "greedy": false,
    "length": 0,
    "type": "tag",
  },
  Object {
    "alias": "",
    "content": " ",
    "greedy": false,
    "length": 0,
    "type": "tag",
  },
  Object {
    "alias": "",
    "content": "sx",
    "greedy": false,
    "length": 0,
    "type": "attr-name",
  },
  Object {
    "alias": "punctuation",
    "content": "=",
    "greedy": false,
    "length": 1,
    "type": "script-punctuation",
  },
  Object {
    "content": "{",
    "greedy": false,
    "length": 1,
    "type": "punctuation",
  },
  Object {
    "alias": "",
    "content": "stylesCode",
    "greedy": false,
    "length": 0,
    "type": "script",
  },
  Object {
    "content": "}",
    "greedy": false,
    "length": 1,
    "type": "punctuation",
  },
  Object {
    "content": ">",
    "greedy": false,
    "length": 1,
    "type": "punctuation",
  },
  Object {
    "alias": "",
    "content": "
      ",
    "greedy": false,
    "length": 0,
    "type": "tag",
  },
  Object {
    "content": "{",
    "greedy": false,
    "length": 1,
    "type": "punctuation",
  },
  Object {
    "alias": "",
    "content": "tokens",
    "greedy": false,
    "length": 0,
    "type": "tag",
  },
  Object {
    "content": ".",
    "greedy": false,
    "length": 1,
    "type": "punctuation",
  },
  Object {
    "content": "map",
    "greedy": false,
    "length": 3,
    "type": "function",
  },
  Object {
    "content": "(",
    "greedy": false,
    "length": 1,
    "type": "punctuation",
  },
  Object {
    "content": "(",
    "greedy": false,
    "length": 1,
    "type": "punctuation",
  },
  Object {
    "alias": "",
    "content": "token",
    "greedy": false,
    "length": 0,
    "type": "tag",
  },
  Object {
    "content": ":",
    "greedy": false,
    "length": 1,
    "type": "operator",
  },
  Object {
    "alias": "",
    "content": " Token ",
    "greedy": false,
    "length": 0,
    "type": "tag",
  },
  Object {
    "content": "|",
    "greedy": false,
    "length": 1,
    "type": "operator",
  },
  Object {
    "alias": "",
    "content": " string",
    "greedy": false,
    "length": 0,
    "type": "tag",
  },
  Object {
    "content": ",",
    "greedy": false,
    "length": 1,
    "type": "punctuation",
  },
  Object {
    "alias": "",
    "content": " i",
    "greedy": false,
    "length": 0,
    "type": "tag",
  },
  Object {
    "content": ":",
    "greedy": false,
    "length": 1,
    "type": "operator",
  },
  Object {
    "alias": "",
    "content": " number",
    "greedy": false,
    "length": 0,
    "type": "tag",
  },
  Object {
    "content": ")",
    "greedy": false,
    "length": 1,
    "type": "punctuation",
  },
  Object {
    "content": ":",
    "greedy": false,
    "length": 1,
    "type": "operator",
  },
  Object {
    "alias": "",
    "content": " ",
    "greedy": false,
    "length": 0,
    "type": "tag",
  },
  Object {
    "content": "JSX",
    "greedy": false,
    "length": 3,
    "type": "constant",
  },
  Object {
    "content": ".",
    "greedy": false,
    "length": 1,
    "type": "punctuation",
  },
  Object {
    "alias": "",
    "content": "Element",
    "greedy": false,
    "length": 0,
    "type": "parameter",
  },
  Object {
    "alias": "",
    "content": " ",
    "greedy": false,
    "length": 0,
    "type": "parameter",
  },
  Object {
    "content": "=>",
    "greedy": false,
    "length": 2,
    "type": "operator",
  },
  Object {
    "alias": "",
    "content": " ",
    "greedy": false,
    "length": 0,
    "type": "parameter",
  },
  Object {
    "content": "{",
    "greedy": false,
    "length": 1,
    "type": "punctuation",
  },
  Object {
    "alias": "",
    "content": "
        console",
    "greedy": false,
    "length": 0,
    "type": "parameter",
  },
  Object {
    "content": ".",
    "greedy": false,
    "length": 1,
    "type": "punctuation",
  },
  Object {
    "content": "log",
    "greedy": false,
    "length": 3,
    "type": "function",
  },
  Object {
    "content": "(",
    "greedy": false,
    "length": 1,
    "type": "punctuation",
  },
  Object {
    "alias": "",
    "content": "tokens",
    "greedy": false,
    "length": 0,
    "type": "parameter",
  },
  Object {
    "content": ")",
    "greedy": false,
    "length": 1,
    "type": "punctuation",
  },
  Object {
    "content": ";",
    "greedy": false,
    "length": 1,
    "type": "punctuation",
  },
  Object {
    "alias": "",
    "content": "
        ",
    "greedy": false,
    "length": 0,
    "type": "parameter",
  },
  Object {
    "content": "return",
    "greedy": false,
    "length": 6,
    "type": "keyword",
  },
  Object {
    "alias": "",
    "content": " token",
    "greedy": false,
    "length": 0,
    "type": "parameter",
  },
  Object {
    "content": ".",
    "greedy": false,
    "length": 1,
    "type": "punctuation",
  },
  Object {
    "alias": "",
    "content": "type ",
    "greedy": false,
    "length": 0,
    "type": "parameter",
  },
  Object {
    "content": "?",
    "greedy": false,
    "length": 1,
    "type": "operator",
  },
  Object {
    "alias": "",
    "content": " ",
    "greedy": false,
    "length": 0,
    "type": "parameter",
  },
  Object {
    "content": "(",
    "greedy": false,
    "length": 1,
    "type": "punctuation",
  },
  Object {
    "alias": "",
    "content": "
          Array",
    "greedy": false,
    "length": 0,
    "type": "parameter",
  },
  Object {
    "content": ".",
    "greedy": false,
    "length": 1,
    "type": "punctuation",
  },
  Object {
    "content": "isArray",
    "greedy": false,
    "length": 7,
    "type": "function",
  },
  Object {
    "content": "(",
    "greedy": false,
    "length": 1,
    "type": "punctuation",
  },
  Object {
    "alias": "",
    "content": "token",
    "greedy": false,
    "length": 0,
    "type": "parameter",
  },
  Object {
    "content": ".",
    "greedy": false,
    "length": 1,
    "type": "punctuation",
  },
  Object {
    "alias": "",
    "content": "content",
    "greedy": false,
    "length": 0,
    "type": "parameter",
  },
  Object {
    "content": ")",
    "greedy": false,
    "length": 1,
    "type": "punctuation",
  },
  Object {
    "alias": "",
    "content": " ",
    "greedy": false,
    "length": 0,
    "type": "parameter",
  },
  Object {
    "content": "?",
    "greedy": false,
    "length": 1,
    "type": "operator",
  },
  Object {
    "alias": "",
    "content": " ",
    "greedy": false,
    "length": 0,
    "type": "parameter",
  },
  Object {
    "content": "(",
    "greedy": false,
    "length": 1,
    "type": "punctuation",
  },
  Object {
    "alias": "",
    "content": "
            ",
    "greedy": false,
    "length": 0,
    "type": "parameter",
  },
  Object {
    "content": "<",
    "greedy": false,
    "length": 1,
    "type": "punctuation",
  },
  Object {
    "content": "TokenList",
    "greedy": false,
    "length": 9,
    "type": "class-name",
  },
  Object {
    "alias": "",
    "content": " ",
    "greedy": false,
    "length": 0,
    "type": "tag",
  },
  Object {
    "alias": "",
    "content": "content",
    "greedy": false,
    "length": 0,
    "type": "attr-name",
  },
  Object {
    "alias": "punctuation",
    "content": "=",
    "greedy": false,
    "length": 1,
    "type": "script-punctuation",
  },
  Object {
    "content": "{",
    "greedy": false,
    "length": 1,
    "type": "punctuation",
  },
  Object {
    "alias": "",
    "content": "token",
    "greedy": false,
    "length": 0,
    "type": "script",
  },
  Object {
    "content": ".",
    "greedy": false,
    "length": 1,
    "type": "punctuation",
  },
  Object {
    "alias": "",
    "content": "content",
    "greedy": false,
    "length": 0,
    "type": "script",
  },
  Object {
    "content": "}",
    "greedy": false,
    "length": 1,
    "type": "punctuation",
  },
  Object {
    "alias": "",
    "content": " ",
    "greedy": false,
    "length": 0,
    "type": "script",
  },
  Object {
    "alias": "",
    "content": "theme",
    "greedy": false,
    "length": 0,
    "type": "attr-name",
  },
  Object {
    "alias": "punctuation",
    "content": "=",
    "greedy": false,
    "length": 1,
    "type": "script-punctuation",
  },
  Object {
    "content": "{",
    "greedy": false,
    "length": 1,
    "type": "punctuation",
  },
  Object {
    "alias": "",
    "content": "theme",
    "greedy": false,
    "length": 0,
    "type": "script",
  },
  Object {
    "content": "}",
    "greedy": false,
    "length": 1,
    "type": "punctuation",
  },
  Object {
    "alias": "",
    "content": " ",
    "greedy": false,
    "length": 0,
    "type": "script",
  },
  Object {
    "content": "/>",
    "greedy": false,
    "length": 2,
    "type": "punctuation",
  },
  Object {
    "alias": "",
    "content": "
          ",
    "greedy": false,
    "length": 0,
    "type": "tag",
  },
  Object {
    "content": ")",
    "greedy": false,
    "length": 1,
    "type": "punctuation",
  },
  Object {
    "alias": "",
    "content": " ",
    "greedy": false,
    "length": 0,
    "type": "tag",
  },
  Object {
    "content": ":",
    "greedy": false,
    "length": 1,
    "type": "operator",
  },
  Object {
    "alias": "",
    "content": " ",
    "greedy": false,
    "length": 0,
    "type": "tag",
  },
  Object {
    "content": "(",
    "greedy": false,
    "length": 1,
    "type": "punctuation",
  },
  Object {
    "alias": "",
    "content": "
            ",
    "greedy": false,
    "length": 0,
    "type": "tag",
  },
  Object {
    "content": "<",
    "greedy": false,
    "length": 1,
    "type": "punctuation",
  },
  Object {
    "alias": "",
    "content": "span",
    "greedy": false,
    "length": 0,
    "type": "tag",
  },
  Object {
    "alias": "",
    "content": " ",
    "greedy": false,
    "length": 0,
    "type": "tag",
  },
  Object {
    "alias": "",
    "content": "sx",
    "greedy": false,
    "length": 0,
    "type": "attr-name",
  },
  Object {
    "alias": "punctuation",
    "content": "=",
    "greedy": false,
    "length": 1,
    "type": "script-punctuation",
  },
  Object {
    "content": "{",
    "greedy": false,
    "length": 1,
    "type": "punctuation",
  },
  Object {
    "alias": "",
    "content": "theme",
    "greedy": false,
    "length": 0,
    "type": "script",
  },
  Object {
    "content": ".",
    "greedy": false,
    "length": 1,
    "type": "punctuation",
  },
  Object {
    "content": "get",
    "greedy": false,
    "length": 3,
    "type": "function",
  },
  Object {
    "content": "(",
    "greedy": false,
    "length": 1,
    "type": "punctuation",
  },
  Object {
    "alias": "",
    "content": "token",
    "greedy": false,
    "length": 0,
    "type": "script",
  },
  Object {
    "content": ".",
    "greedy": false,
    "length": 1,
    "type": "punctuation",
  },
  Object {
    "alias": "",
    "content": "type",
    "greedy": false,
    "length": 0,
    "type": "script",
  },
  Object {
    "content": ")",
    "greedy": false,
    "length": 1,
    "type": "punctuation",
  },
  Object {
    "content": "}",
    "greedy": false,
    "length": 1,
    "type": "punctuation",
  },
  Object {
    "content": ">",
    "greedy": false,
    "length": 1,
    "type": "punctuation",
  },
  Object {
    "alias": "",
    "content": "
              ",
    "greedy": false,
    "length": 0,
    "type": "tag",
  },
  Object {
    "content": "{",
    "greedy": false,
    "length": 1,
    "type": "punctuation",
  },
  Object {
    "content": "typeof",
    "greedy": false,
    "length": 6,
    "type": "keyword",
  },
  Object {
    "alias": "",
    "content": " token",
    "greedy": false,
    "length": 0,
    "type": "tag",
  },
  Object {
    "content": ".",
    "greedy": false,
    "length": 1,
    "type": "punctuation",
  },
  Object {
    "alias": "",
    "content": "content ",
    "greedy": false,
    "length": 0,
    "type": "tag",
  },
  Object {
    "content": "===",
    "greedy": false,
    "length": 3,
    "type": "operator",
  },
  Object {
    "alias": "",
    "content": " ",
    "greedy": false,
    "length": 0,
    "type": "tag",
  },
  Object {
    "content": "'string'",
    "greedy": true,
    "length": 8,
    "type": "string",
  },
  Object {
    "alias": "",
    "content": " ",
    "greedy": false,
    "length": 0,
    "type": "tag",
  },
  Object {
    "content": "&&",
    "greedy": false,
    "length": 2,
    "type": "operator",
  },
  Object {
    "alias": "",
    "content": " token",
    "greedy": false,
    "length": 0,
    "type": "tag",
  },
  Object {
    "content": ".",
    "greedy": false,
    "length": 1,
    "type": "punctuation",
  },
  Object {
    "alias": "",
    "content": "content",
    "greedy": false,
    "length": 0,
    "type": "tag",
  },
  Object {
    "content": "}",
    "greedy": false,
    "length": 1,
    "type": "punctuation",
  },
  Object {
    "alias": "",
    "content": "
            ",
    "greedy": false,
    "length": 0,
    "type": "tag",
  },
  Object {
    "content": "</",
    "greedy": false,
    "length": 2,
    "type": "punctuation",
  },
  Object {
    "alias": "",
    "content": "span",
    "greedy": false,
    "length": 0,
    "type": "tag",
  },
  Object {
    "content": ">",
    "greedy": false,
    "length": 1,
    "type": "punctuation",
  },
  Object {
    "alias": "",
    "content": "
          ",
    "greedy": false,
    "length": 0,
    "type": "tag",
  },
  Object {
    "content": ")",
    "greedy": false,
    "length": 1,
    "type": "punctuation",
  },
  Object {
    "alias": "",
    "content": "
        ",
    "greedy": false,
    "length": 0,
    "type": "tag",
  },
  Object {
    "content": ")",
    "greedy": false,
    "length": 1,
    "type": "punctuation",
  },
  Object {
    "alias": "",
    "content": " ",
    "greedy": false,
    "length": 0,
    "type": "tag",
  },
  Object {
    "content": ":",
    "greedy": false,
    "length": 1,
    "type": "operator",
  },
  Object {
    "alias": "",
    "content": " ",
    "greedy": false,
    "length": 0,
    "type": "tag",
  },
  Object {
    "content": "(",
    "greedy": false,
    "length": 1,
    "type": "punctuation",
  },
  Object {
    "alias": "",
    "content": "
          ",
    "greedy": false,
    "length": 0,
    "type": "tag",
  },
  Object {
    "content": "<",
    "greedy": false,
    "length": 1,
    "type": "punctuation",
  },
  Object {
    "alias": "",
    "content": "span",
    "greedy": false,
    "length": 0,
    "type": "tag",
  },
  Object {
    "content": ">",
    "greedy": false,
    "length": 1,
    "type": "punctuation",
  },
  Object {
    "content": "{",
    "greedy": false,
    "length": 1,
    "type": "punctuation",
  },
  Object {
    "alias": "",
    "content": "token",
    "greedy": false,
    "length": 0,
    "type": "tag",
  },
  Object {
    "content": "}",
    "greedy": false,
    "length": 1,
    "type": "punctuation",
  },
  Object {
    "content": "</",
    "greedy": false,
    "length": 2,
    "type": "punctuation",
  },
  Object {
    "alias": "",
    "content": "span",
    "greedy": false,
    "length": 0,
    "type": "tag",
  },
  Object {
    "content": ">",
    "greedy": false,
    "length": 1,
    "type": "punctuation",
  },
  Object {
    "alias": "",
    "content": "
        ",
    "greedy": false,
    "length": 0,
    "type": "tag",
  },
  Object {
    "content": ")",
    "greedy": false,
    "length": 1,
    "type": "punctuation",
  },
  Object {
    "content": ";",
    "greedy": false,
    "length": 1,
    "type": "punctuation",
  },
  Object {
    "alias": "",
    "content": "
      ",
    "greedy": false,
    "length": 0,
    "type": "tag",
  },
  Object {
    "content": "}",
    "greedy": false,
    "length": 1,
    "type": "punctuation",
  },
  Object {
    "content": ")",
    "greedy": false,
    "length": 1,
    "type": "punctuation",
  },
  Object {
    "content": "}",
    "greedy": false,
    "length": 1,
    "type": "punctuation",
  },
  Object {
    "alias": "",
    "content": "
    ",
    "greedy": false,
    "length": 0,
    "type": "tag",
  },
  Object {
    "content": "</",
    "greedy": false,
    "length": 2,
    "type": "punctuation",
  },
  Object {
    "alias": "",
    "content": "code",
    "greedy": false,
    "length": 0,
    "type": "tag",
  },
  Object {
    "content": ">",
    "greedy": false,
    "length": 1,
    "type": "punctuation",
  },
  Object {
    "alias": "",
    "content": "
  ",
    "greedy": false,
    "length": 0,
    "type": "tag",
  },
  Object {
    "content": "</",
    "greedy": false,
    "length": 2,
    "type": "punctuation",
  },
  Object {
    "alias": "",
    "content": "pre",
    "greedy": false,
    "length": 0,
    "type": "tag",
  },
  Object {
    "content": ">",
    "greedy": false,
    "length": 1,
    "type": "punctuation",
  },
]
`;
